dev\practice\assessment02\config\DemoDataInitializer.class
dev\practice\assessment02\error\ProductNotFoundException.class
dev\practice\assessment02\error\InvalidRequestException.class
dev\practice\assessment02\observation\QueryProbe.class
dev\practice\assessment02\controller\ProductSearchController.class
dev\practice\assessment02\observation\ProductQueryGateway.class
dev\practice\assessment02\search\SearchRequestParser.class
dev\practice\assessment02\cache\SearchCacheInvalidator.class
dev\practice\assessment02\dto\CatalogPageResponse.class
dev\practice\assessment02\repository\ProductSearchRepository.class
dev\practice\assessment02\search\SearchCriteria.class
dev\practice\assessment02\dto\ProductResponse.class
dev\practice\assessment02\cache\SearchKeyFactory.class
dev\practice\assessment02\CachedCatalogApplication.class
dev\practice\assessment02\service\ProductWriteService.class
dev\practice\assessment02\config\ClockConfig.class
dev\practice\assessment02\health\HealthController.class
dev\practice\assessment02\search\SearchSort.class
dev\practice\assessment02\repository\ProductSearchRepository$1.class
dev\practice\assessment02\controller\ProductWriteController.class
dev\practice\assessment02\repository\ProductRepository.class
dev\practice\assessment02\cache\KeyValueStore.class
dev\practice\assessment02\error\ApiException.class
dev\practice\assessment02\error\ApiError.class
dev\practice\assessment02\model\Product.class
dev\practice\assessment02\error\ApiExceptionHandler.class
dev\practice\assessment02\service\ProductSearchService.class
dev\practice\assessment02\cache\InMemoryKeyValueStore$Entry.class
dev\practice\assessment02\dto\UpdateProductRequest.class
dev\practice\assessment02\cache\InMemoryKeyValueStore.class
