C:\Users\carte\OneDrive\Desktop\Practice_SpringBoot_Area\spring-boot-practice\_authoring\02-cached-catalog\reference\src\main\java\dev\practice\assessment02\cache\InMemoryKeyValueStore.java
C:\Users\carte\OneDrive\Desktop\Practice_SpringBoot_Area\spring-boot-practice\_authoring\02-cached-catalog\reference\src\main\java\dev\practice\assessment02\cache\KeyValueStore.java
C:\Users\carte\OneDrive\Desktop\Practice_SpringBoot_Area\spring-boot-practice\_authoring\02-cached-catalog\reference\src\main\java\dev\practice\assessment02\cache\SearchCacheInvalidator.java
C:\Users\carte\OneDrive\Desktop\Practice_SpringBoot_Area\spring-boot-practice\_authoring\02-cached-catalog\reference\src\main\java\dev\practice\assessment02\cache\SearchKeyFactory.java
C:\Users\carte\OneDrive\Desktop\Practice_SpringBoot_Area\spring-boot-practice\_authoring\02-cached-catalog\reference\src\main\java\dev\practice\assessment02\CachedCatalogApplication.java
C:\Users\carte\OneDrive\Desktop\Practice_SpringBoot_Area\spring-boot-practice\_authoring\02-cached-catalog\reference\src\main\java\dev\practice\assessment02\config\ClockConfig.java
C:\Users\carte\OneDrive\Desktop\Practice_SpringBoot_Area\spring-boot-practice\_authoring\02-cached-catalog\reference\src\main\java\dev\practice\assessment02\config\DemoDataInitializer.java
C:\Users\carte\OneDrive\Desktop\Practice_SpringBoot_Area\spring-boot-practice\_authoring\02-cached-catalog\reference\src\main\java\dev\practice\assessment02\controller\ProductSearchController.java
C:\Users\carte\OneDrive\Desktop\Practice_SpringBoot_Area\spring-boot-practice\_authoring\02-cached-catalog\reference\src\main\java\dev\practice\assessment02\controller\ProductWriteController.java
C:\Users\carte\OneDrive\Desktop\Practice_SpringBoot_Area\spring-boot-practice\_authoring\02-cached-catalog\reference\src\main\java\dev\practice\assessment02\dto\CatalogPageResponse.java
C:\Users\carte\OneDrive\Desktop\Practice_SpringBoot_Area\spring-boot-practice\_authoring\02-cached-catalog\reference\src\main\java\dev\practice\assessment02\dto\ProductResponse.java
C:\Users\carte\OneDrive\Desktop\Practice_SpringBoot_Area\spring-boot-practice\_authoring\02-cached-catalog\reference\src\main\java\dev\practice\assessment02\dto\UpdateProductRequest.java
C:\Users\carte\OneDrive\Desktop\Practice_SpringBoot_Area\spring-boot-practice\_authoring\02-cached-catalog\reference\src\main\java\dev\practice\assessment02\error\ApiError.java
C:\Users\carte\OneDrive\Desktop\Practice_SpringBoot_Area\spring-boot-practice\_authoring\02-cached-catalog\reference\src\main\java\dev\practice\assessment02\error\ApiException.java
C:\Users\carte\OneDrive\Desktop\Practice_SpringBoot_Area\spring-boot-practice\_authoring\02-cached-catalog\reference\src\main\java\dev\practice\assessment02\error\ApiExceptionHandler.java
C:\Users\carte\OneDrive\Desktop\Practice_SpringBoot_Area\spring-boot-practice\_authoring\02-cached-catalog\reference\src\main\java\dev\practice\assessment02\error\InvalidRequestException.java
C:\Users\carte\OneDrive\Desktop\Practice_SpringBoot_Area\spring-boot-practice\_authoring\02-cached-catalog\reference\src\main\java\dev\practice\assessment02\error\ProductNotFoundException.java
C:\Users\carte\OneDrive\Desktop\Practice_SpringBoot_Area\spring-boot-practice\_authoring\02-cached-catalog\reference\src\main\java\dev\practice\assessment02\health\HealthController.java
C:\Users\carte\OneDrive\Desktop\Practice_SpringBoot_Area\spring-boot-practice\_authoring\02-cached-catalog\reference\src\main\java\dev\practice\assessment02\model\Product.java
C:\Users\carte\OneDrive\Desktop\Practice_SpringBoot_Area\spring-boot-practice\_authoring\02-cached-catalog\reference\src\main\java\dev\practice\assessment02\observation\ProductQueryGateway.java
C:\Users\carte\OneDrive\Desktop\Practice_SpringBoot_Area\spring-boot-practice\_authoring\02-cached-catalog\reference\src\main\java\dev\practice\assessment02\observation\QueryProbe.java
C:\Users\carte\OneDrive\Desktop\Practice_SpringBoot_Area\spring-boot-practice\_authoring\02-cached-catalog\reference\src\main\java\dev\practice\assessment02\repository\ProductRepository.java
C:\Users\carte\OneDrive\Desktop\Practice_SpringBoot_Area\spring-boot-practice\_authoring\02-cached-catalog\reference\src\main\java\dev\practice\assessment02\repository\ProductSearchRepository.java
C:\Users\carte\OneDrive\Desktop\Practice_SpringBoot_Area\spring-boot-practice\_authoring\02-cached-catalog\reference\src\main\java\dev\practice\assessment02\search\SearchCriteria.java
C:\Users\carte\OneDrive\Desktop\Practice_SpringBoot_Area\spring-boot-practice\_authoring\02-cached-catalog\reference\src\main\java\dev\practice\assessment02\search\SearchRequestParser.java
C:\Users\carte\OneDrive\Desktop\Practice_SpringBoot_Area\spring-boot-practice\_authoring\02-cached-catalog\reference\src\main\java\dev\practice\assessment02\search\SearchSort.java
C:\Users\carte\OneDrive\Desktop\Practice_SpringBoot_Area\spring-boot-practice\_authoring\02-cached-catalog\reference\src\main\java\dev\practice\assessment02\service\ProductSearchService.java
C:\Users\carte\OneDrive\Desktop\Practice_SpringBoot_Area\spring-boot-practice\_authoring\02-cached-catalog\reference\src\main\java\dev\practice\assessment02\service\ProductWriteService.java
