C:\Users\carte\OneDrive\Desktop\Practice_SpringBoot_Area\spring-boot-practice\_authoring\02-cached-catalog\reference\src\test\java\dev\practice\assessment02\contract\CatalogPrivateContractTest.java
C:\Users\carte\OneDrive\Desktop\Practice_SpringBoot_Area\spring-boot-practice\_authoring\02-cached-catalog\reference\src\test\java\dev\practice\assessment02\contract\CatalogPublicContractTest.java
C:\Users\carte\OneDrive\Desktop\Practice_SpringBoot_Area\spring-boot-practice\_authoring\02-cached-catalog\reference\src\test\java\dev\practice\assessment02\contract\SmokeTest.java
C:\Users\carte\OneDrive\Desktop\Practice_SpringBoot_Area\spring-boot-practice\_authoring\02-cached-catalog\reference\src\test\java\dev\practice\assessment02\support\ApiTestSupport.java
C:\Users\carte\OneDrive\Desktop\Practice_SpringBoot_Area\spring-boot-practice\_authoring\02-cached-catalog\reference\src\test\java\dev\practice\assessment02\support\ClockTestConfig.java
C:\Users\carte\OneDrive\Desktop\Practice_SpringBoot_Area\spring-boot-practice\_authoring\02-cached-catalog\reference\src\test\java\dev\practice\assessment02\support\Fixtures.java
C:\Users\carte\OneDrive\Desktop\Practice_SpringBoot_Area\spring-boot-practice\_authoring\02-cached-catalog\reference\src\test\java\dev\practice\assessment02\support\MutableClock.java
